2026-04-03 10:34:43 [INFO] com.example.demo.DemoApplication - Starting DemoApplication using Java 21.0.10 with PID 9328 (C:\Users\ADMIN\Downloads\demo\demo\bin\main started by ADMIN in C:\Users\ADMIN\Downloads\demo)
2026-04-03 10:34:43 [INFO] com.example.demo.DemoApplication - No active profile set, falling back to 1 default profile: "default"
2026-04-03 10:34:44 [INFO] o.s.b.d.e.DevToolsPropertyDefaultsPostProcessor - Devtools property defaults active! Set 'spring.devtools.add-properties' to 'false' to disable
2026-04-03 10:34:44 [INFO] o.s.b.d.e.DevToolsPropertyDefaultsPostProcessor - For additional web related logging consider setting the 'logging.level.web' property to 'DEBUG'
2026-04-03 10:34:46 [INFO] o.s.d.r.c.RepositoryConfigurationDelegate - Bootstrapping Spring Data JPA repositories in DEFAULT mode.
2026-04-03 10:34:46 [INFO] o.s.d.r.c.RepositoryConfigurationDelegate - Finished Spring Data repository scanning in 136 ms. Found 1 JPA repository interface.
2026-04-03 10:34:48 [INFO] o.s.b.w.e.tomcat.TomcatWebServer - Tomcat initialized with port 8088 (http)
2026-04-03 10:34:48 [INFO] o.a.c.core.AprLifecycleListener - An older version [1.3.5] of the Apache Tomcat Native library is installed, while Tomcat recommends a minimum version of [2.0.5]
2026-04-03 10:34:48 [INFO] o.a.c.core.AprLifecycleListener - Loaded Apache Tomcat Native library [1.3.5] using APR version [1.7.6].
2026-04-03 10:34:48 [INFO] o.a.c.core.AprLifecycleListener - OpenSSL successfully initialized [OpenSSL 3.0.18 30 Sep 2025]
2026-04-03 10:34:48 [INFO] o.a.coyote.http11.Http11NioProtocol - Initializing ProtocolHandler ["http-nio-8088"]
2026-04-03 10:34:48 [INFO] o.a.catalina.core.StandardService - Starting service [Tomcat]
2026-04-03 10:34:48 [INFO] o.a.catalina.core.StandardEngine - Starting Servlet engine: [Apache Tomcat/10.1.20]
2026-04-03 10:34:48 [INFO] o.a.c.c.C.[Tomcat].[localhost].[/] - Initializing Spring embedded WebApplicationContext
2026-04-03 10:34:48 [INFO] o.s.b.w.s.c.ServletWebServerApplicationContext - Root WebApplicationContext: initialization completed in 4672 ms
2026-04-03 10:34:49 [INFO] o.h.jpa.internal.util.LogHelper - HHH000204: Processing PersistenceUnitInfo [name: default]
2026-04-03 10:34:49 [INFO] org.hibernate.Version - HHH000412: Hibernate ORM core version 6.4.4.Final
2026-04-03 10:34:49 [INFO] o.h.c.i.RegionFactoryInitiator - HHH000026: Second-level cache disabled
2026-04-03 10:34:50 [INFO] o.s.o.j.p.SpringPersistenceUnitInfo - No LoadTimeWeaver setup: ignoring JPA class transformer
2026-04-03 10:34:50 [INFO] com.zaxxer.hikari.HikariDataSource - HikariPool-1 - Starting...
2026-04-03 10:34:51 [INFO] com.zaxxer.hikari.pool.HikariPool - HikariPool-1 - Added connection com.mysql.cj.jdbc.ConnectionImpl@5af9352f
2026-04-03 10:34:51 [INFO] com.zaxxer.hikari.HikariDataSource - HikariPool-1 - Start completed.
2026-04-03 10:34:53 [INFO] o.h.e.t.j.p.i.JtaPlatformInitiator - HHH000489: No JTA platform available (set 'hibernate.transaction.jta.platform' to enable JTA platform integration)
2026-04-03 10:34:53 [INFO] o.s.o.j.LocalContainerEntityManagerFactoryBean - Initialized JPA EntityManagerFactory for persistence unit 'default'
2026-04-03 10:34:54 [WARN] o.s.b.a.s.s.UserDetailsServiceAutoConfiguration - 

Using generated security password: def45bbc-c6db-446f-b8f5-519889a22945

This generated password is for development use only. Your security configuration must be updated before running your application in production.

2026-04-03 10:34:55 [INFO] o.s.s.web.DefaultSecurityFilterChain - Will secure any request with [org.springframework.security.web.session.DisableEncodeUrlFilter@45da35fc, org.springframework.security.web.context.request.async.WebAsyncManagerIntegrationFilter@5a88518, org.springframework.security.web.context.SecurityContextHolderFilter@21a81dc7, org.springframework.security.web.header.HeaderWriterFilter@25f71fc3, org.springframework.web.filter.CorsFilter@17472787, org.springframework.security.web.authentication.logout.LogoutFilter@7abee956, com.example.demo.security.JwtFilter@211f050b, org.springframework.security.web.savedrequest.RequestCacheAwareFilter@117f7444, org.springframework.security.web.servletapi.SecurityContextHolderAwareRequestFilter@245212cf, org.springframework.security.web.authentication.AnonymousAuthenticationFilter@1db1b943, org.springframework.security.web.access.ExceptionTranslationFilter@4f7d3b8b, org.springframework.security.web.access.intercept.AuthorizationFilter@65a4b2c5]
2026-04-03 10:34:56 [INFO] o.s.b.d.a.OptionalLiveReloadServer - LiveReload server is running on port 35729
2026-04-03 10:34:56 [INFO] o.a.coyote.http11.Http11NioProtocol - Starting ProtocolHandler ["http-nio-8088"]
2026-04-03 10:34:56 [INFO] o.s.b.w.e.tomcat.TomcatWebServer - Tomcat started on port 8088 (http) with context path ''
2026-04-03 10:34:56 [INFO] com.example.demo.DemoApplication - Started DemoApplication in 13.627 seconds (process running for 14.748)
